javac : Note: Some input 
files use or override a 
deprecated API.
At line:1 char:105
+ ... y FullName; javac 
-encoding UTF-8 -Xlint:none 
-d build/web/WEB-INF/cl ...
+                 ~~~~~~~~~~~
~~~~~~~~~~~~~~~~~~~~~~~~~~~~~
~~~~~~~~~~~~~~~~~
    + CategoryInfo           
   : NotSpecified: (Note: S  
  ome inpu...deprecated AP   
 I.:String) [], RemoteExc    
eption
    + FullyQualifiedErrorId  
   : NativeCommandError
 
Note: Recompile with 
-Xlint:deprecation for 
details.
